// Jest Snapshot v1, https://goo.gl/fbAQLP

exports[`when Three Dot Menu then snapshot created 1`] = `
<div
  className="three-dots-menu"
  onClick={true}
/>
`;
