// Jest Snapshot v1, https://goo.gl/fbAQLP

exports[`when Delete Movie then snapshot delete 1`] = `null`;
