// Jest Snapshot v1, https://goo.gl/fbAQLP

exports[`when Modal Window then snapshot created 1`] = `null`;
